---
source: crates/vex-parser/tests/snapshot.rs
expression: snap(src)
---
Module {
    items: [
        Struct(
            StructDecl {
                name: "Ponto",
                fields: [
                    (
                        "x",
                        Float,
                        206..207,
                    ),
                    (
                        "y",
                        Float,
                        220..221,
                    ),
                ],
                is_pub: false,
                span: 188..231,
            },
        ),
        Impl(
            ImplBlock {
                target: "Ponto",
                methods: [
                    FnDecl {
                        name: "distancia",
                        params: [
                            Param {
                                name: "self",
                                ty: Named(
                                    "Self",
                                ),
                                mutable: false,
                                span: 264..268,
                            },
                            Param {
                                name: "outro",
                                ty: Named(
                                    "Ponto",
                                ),
                                mutable: false,
                                span: 270..275,
                            },
                        ],
                        ret_type: Float,
                        body: Block {
                            stmts: [
                                Expr(
                                    Assign {
                                        target: Ident(
                                            "dx",
                                            303..305,
                                        ),
                                        value: BinOp {
                                            op: Sub,
                                            left: FieldAccess {
                                                obj: SelfRef(
                                                    308..312,
                                                ),
                                                field: "x",
                                                span: 308..314,
                                            },
                                            right: FieldAccess {
                                                obj: Ident(
                                                    "outro",
                                                    317..322,
                                                ),
                                                field: "x",
                                                span: 317..324,
                                            },
                                            span: 308..324,
                                        },
                                        span: 303..324,
                                    },
                                ),
                                Expr(
                                    Assign {
                                        target: Ident(
                                            "dy",
                                            333..335,
                                        ),
                                        value: BinOp {
                                            op: Sub,
                                            left: FieldAccess {
                                                obj: SelfRef(
                                                    338..342,
                                                ),
                                                field: "y",
                                                span: 338..344,
                                            },
                                            right: FieldAccess {
                                                obj: Ident(
                                                    "outro",
                                                    347..352,
                                                ),
                                                field: "y",
                                                span: 347..354,
                                            },
                                            span: 338..354,
                                        },
                                        span: 333..354,
                                    },
                                ),
                                Return(
                                    Some(
                                        Call {
                                            callee: Ident(
                                                "sqrt",
                                                370..374,
                                            ),
                                            args: [
                                                BinOp {
                                                    op: Add,
                                                    left: BinOp {
                                                        op: Mul,
                                                        left: Ident(
                                                            "dx",
                                                            375..377,
                                                        ),
                                                        right: Ident(
                                                            "dx",
                                                            380..382,
                                                        ),
                                                        span: 375..382,
                                                    },
                                                    right: BinOp {
                                                        op: Mul,
                                                        left: Ident(
                                                            "dy",
                                                            385..387,
                                                        ),
                                                        right: Ident(
                                                            "dy",
                                                            390..392,
                                                        ),
                                                        span: 385..392,
                                                    },
                                                    span: 375..392,
                                                },
                                            ],
                                            span: 370..393,
                                        },
                                    ),
                                    363..393,
                                ),
                            ],
                            span: 293..399,
                        },
                        is_pub: false,
                        is_comptime: false,
                        span: 250..399,
                    },
                ],
                span: 233..401,
            },
        ),
        Fn(
            FnDecl {
                name: "main",
                params: [],
                ret_type: Void,
                body: Block {
                    stmts: [
                        Expr(
                            Assign {
                                target: Ident(
                                    "a",
                                    403..404,
                                ),
                                value: StructLit {
                                    name: "Ponto",
                                    fields: [
                                        (
                                            "x",
                                            Float(
                                                0.0,
                                                418..421,
                                            ),
                                        ),
                                        (
                                            "y",
                                            Float(
                                                0.0,
                                                426..429,
                                            ),
                                        ),
                                    ],
                                    span: 407..431,
                                },
                                span: 403..431,
                            },
                        ),
                        Expr(
                            Assign {
                                target: Ident(
                                    "b",
                                    432..433,
                                ),
                                value: StructLit {
                                    name: "Ponto",
                                    fields: [
                                        (
                                            "x",
                                            Float(
                                                3.0,
                                                447..450,
                                            ),
                                        ),
                                        (
                                            "y",
                                            Float(
                                                4.0,
                                                455..458,
                                            ),
                                        ),
                                    ],
                                    span: 436..460,
                                },
                                span: 432..460,
                            },
                        ),
                        Expr(
                            Call {
                                callee: Ident(
                                    "println",
                                    461..468,
                                ),
                                args: [
                                    MethodCall {
                                        receiver: Ident(
                                            "a",
                                            469..470,
                                        ),
                                        name: "distancia",
                                        args: [
                                            Ident(
                                                "b",
                                                481..482,
                                            ),
                                        ],
                                        span: 469..483,
                                    },
                                ],
                                span: 461..484,
                            },
                        ),
                    ],
                    span: 403..485,
                },
                is_pub: false,
                is_comptime: false,
                span: 403..485,
            },
        ),
    ],
}
