---
source: crates/vex-parser/tests/snapshot.rs
expression: snap(src)
---
Module {
    items: [
        Struct(
            StructDecl {
                name: "Ponto",
                fields: [
                    (
                        "x",
                        Float,
                        127..128,
                    ),
                    (
                        "y",
                        Float,
                        141..142,
                    ),
                ],
                is_pub: false,
                span: 109..307,
            },
        ),
        Impl(
            ImplBlock {
                target: "Ponto",
                methods: [
                    FnDecl {
                        name: "distancia",
                        params: [
                            Param {
                                name: "self",
                                ty: Named(
                                    "Self",
                                ),
                                mutable: false,
                                span: 170..174,
                            },
                            Param {
                                name: "outro",
                                ty: Named(
                                    "Ponto",
                                ),
                                mutable: false,
                                span: 176..181,
                            },
                        ],
                        ret_type: Float,
                        body: Block {
                            stmts: [
                                Expr(
                                    Assign {
                                        target: Ident(
                                            "dx",
                                            209..211,
                                        ),
                                        value: BinOp {
                                            op: Sub,
                                            left: FieldAccess {
                                                obj: SelfRef(
                                                    214..218,
                                                ),
                                                field: "x",
                                                span: 214..220,
                                            },
                                            right: FieldAccess {
                                                obj: Ident(
                                                    "outro",
                                                    223..228,
                                                ),
                                                field: "x",
                                                span: 223..230,
                                            },
                                            span: 214..230,
                                        },
                                        span: 209..230,
                                    },
                                ),
                                Expr(
                                    Assign {
                                        target: Ident(
                                            "dy",
                                            239..241,
                                        ),
                                        value: BinOp {
                                            op: Sub,
                                            left: FieldAccess {
                                                obj: SelfRef(
                                                    244..248,
                                                ),
                                                field: "y",
                                                span: 244..250,
                                            },
                                            right: FieldAccess {
                                                obj: Ident(
                                                    "outro",
                                                    253..258,
                                                ),
                                                field: "y",
                                                span: 253..260,
                                            },
                                            span: 244..260,
                                        },
                                        span: 239..260,
                                    },
                                ),
                                Return(
                                    Some(
                                        Call {
                                            callee: Ident(
                                                "sqrt",
                                                276..280,
                                            ),
                                            args: [
                                                BinOp {
                                                    op: Add,
                                                    left: BinOp {
                                                        op: Mul,
                                                        left: Ident(
                                                            "dx",
                                                            281..283,
                                                        ),
                                                        right: Ident(
                                                            "dx",
                                                            286..288,
                                                        ),
                                                        span: 281..288,
                                                    },
                                                    right: BinOp {
                                                        op: Mul,
                                                        left: Ident(
                                                            "dy",
                                                            291..293,
                                                        ),
                                                        right: Ident(
                                                            "dy",
                                                            296..298,
                                                        ),
                                                        span: 291..298,
                                                    },
                                                    span: 281..298,
                                                },
                                            ],
                                            span: 276..299,
                                        },
                                    ),
                                    269..299,
                                ),
                            ],
                            span: 199..305,
                        },
                        is_pub: false,
                        is_comptime: false,
                        span: 156..305,
                    },
                ],
                span: 109..307,
            },
        ),
        Fn(
            FnDecl {
                name: "main",
                params: [],
                ret_type: Void,
                body: Block {
                    stmts: [
                        Expr(
                            Assign {
                                target: Ident(
                                    "a",
                                    309..310,
                                ),
                                value: StructLit {
                                    name: "Ponto",
                                    fields: [
                                        (
                                            "x",
                                            Float(
                                                0.0,
                                                324..327,
                                            ),
                                        ),
                                        (
                                            "y",
                                            Float(
                                                0.0,
                                                332..335,
                                            ),
                                        ),
                                    ],
                                    span: 313..337,
                                },
                                span: 309..337,
                            },
                        ),
                        Expr(
                            Assign {
                                target: Ident(
                                    "b",
                                    338..339,
                                ),
                                value: StructLit {
                                    name: "Ponto",
                                    fields: [
                                        (
                                            "x",
                                            Float(
                                                3.0,
                                                353..356,
                                            ),
                                        ),
                                        (
                                            "y",
                                            Float(
                                                4.0,
                                                361..364,
                                            ),
                                        ),
                                    ],
                                    span: 342..366,
                                },
                                span: 338..366,
                            },
                        ),
                        Expr(
                            Call {
                                callee: Ident(
                                    "println",
                                    367..374,
                                ),
                                args: [
                                    MethodCall {
                                        receiver: Ident(
                                            "a",
                                            375..376,
                                        ),
                                        name: "distancia",
                                        args: [
                                            Ident(
                                                "b",
                                                387..388,
                                            ),
                                        ],
                                        span: 375..389,
                                    },
                                ],
                                span: 367..390,
                            },
                        ),
                    ],
                    span: 309..391,
                },
                is_pub: false,
                is_comptime: false,
                span: 309..391,
            },
        ),
    ],
}
