---
source: crates/vex-parser/tests/snapshot.rs
expression: snap(src)
---
Module {
    items: [
        Fn(
            FnDecl {
                name: "fib",
                params: [
                    Param {
                        name: "n",
                        ty: Int,
                        mutable: false,
                        span: 132..133,
                    },
                ],
                ret_type: Int,
                body: Block {
                    stmts: [
                        If {
                            cond: BinOp {
                                op: Lte,
                                left: Ident(
                                    "n",
                                    156..157,
                                ),
                                right: Int(
                                    1,
                                    161..162,
                                ),
                                span: 156..162,
                            },
                            then_body: Block {
                                stmts: [
                                    Return(
                                        Some(
                                            Ident(
                                                "n",
                                                180..181,
                                            ),
                                        ),
                                        173..181,
                                    ),
                                ],
                                span: 163..187,
                            },
                            else_body: None,
                            span: 153..187,
                        },
                        Return(
                            Some(
                                BinOp {
                                    op: Add,
                                    left: Call {
                                        callee: Ident(
                                            "fib",
                                            199..202,
                                        ),
                                        args: [
                                            BinOp {
                                                op: Sub,
                                                left: Ident(
                                                    "n",
                                                    203..204,
                                                ),
                                                right: Int(
                                                    1,
                                                    207..208,
                                                ),
                                                span: 203..208,
                                            },
                                        ],
                                        span: 199..209,
                                    },
                                    right: Call {
                                        callee: Ident(
                                            "fib",
                                            212..215,
                                        ),
                                        args: [
                                            BinOp {
                                                op: Sub,
                                                left: Ident(
                                                    "n",
                                                    216..217,
                                                ),
                                                right: Int(
                                                    2,
                                                    220..221,
                                                ),
                                                span: 216..221,
                                            },
                                        ],
                                        span: 212..222,
                                    },
                                    span: 199..222,
                                },
                            ),
                            192..222,
                        ),
                    ],
                    span: 147..224,
                },
                is_pub: false,
                is_comptime: false,
                span: 124..224,
            },
        ),
        Fn(
            FnDecl {
                name: "main",
                params: [],
                ret_type: Void,
                body: Block {
                    stmts: [
                        Expr(
                            Assign {
                                target: Ident(
                                    "result",
                                    226..232,
                                ),
                                value: Call {
                                    callee: Ident(
                                        "fib",
                                        235..238,
                                    ),
                                    args: [
                                        Int(
                                            10,
                                            239..241,
                                        ),
                                    ],
                                    span: 235..242,
                                },
                                span: 226..242,
                            },
                        ),
                        Expr(
                            Call {
                                callee: Ident(
                                    "println",
                                    243..250,
                                ),
                                args: [
                                    Ident(
                                        "result",
                                        251..257,
                                    ),
                                ],
                                span: 243..258,
                            },
                        ),
                    ],
                    span: 226..259,
                },
                is_pub: false,
                is_comptime: false,
                span: 226..259,
            },
        ),
    ],
}
