---
source: crates/vex-parser/tests/snapshot.rs
expression: snap(src)
---
Module {
    items: [
        Fn(
            FnDecl {
                name: "main",
                params: [],
                ret_type: Void,
                body: Block {
                    stmts: [
                        Expr(
                            Call {
                                callee: Ident(
                                    "println",
                                    102..109,
                                ),
                                args: [
                                    Str(
                                        "Hello, Vex!",
                                        110..123,
                                    ),
                                ],
                                span: 102..124,
                            },
                        ),
                    ],
                    span: 102..125,
                },
                is_pub: false,
                is_comptime: false,
                span: 102..125,
            },
        ),
    ],
}
